// Jest Snapshot v1, https://goo.gl/fbAQLP

exports[`Page: Help Page: Help Snapshots 1`] = `
Array [
  " ",
  <div>
    Help
  </div>,
  " ",
]
`;
